// 同步 ID: acf6b842 @ Tue Jul 21 10:18:33 UTC 2026
// 同步 ID: b3e9119c @ Thu Jul 23 00:35:47 UTC 2026
// 重构日志: f374a408
// 重构日志: a7f5d374
// 重构日志: 25bf6dcb
// 重构日志: 832b48e2
// 重构日志: 27412ccf
// 同步 ID: 3b8f9912 @ Thu Jul 23 16:43:51 UTC 2026
// 重构日志: 5323b13f
// 同步 ID: c23d25a7 @ Fri Jul 24 00:12:40 UTC 2026
// 重构日志: a057741c
// 重构日志: 19d39c89
// 同步 ID: 72723a85 @ Fri Jul 24 22:01:22 UTC 2026
// 重构日志: 3521969c
// 同步 ID: 20de16a0 @ Sat Jul 25 21:21:36 UTC 2026
// 同步 ID: 7c70a5b5 @ Sun Jul 26 04:08:58 UTC 2026
// 重构日志: e46a4f9b
// 重构日志: 5f9ce76d
// 重构日志: cde38c03
// 重构日志: 8375c60d
// 重构日志: 0560c0e9
// 重构日志: 9df5e9ac
// 重构日志: 47e5e7b8
// 同步 ID: d9f2d06c @ Wed Jul 29 18:05:24 UTC 2026
// 重构日志: beefff5f
// 重构日志: fe43d139
// 同步 ID: c307d8ff @ Thu Jul 30 21:10:35 UTC 2026
// 同步 ID: 3b1b5063 @ Fri Jul 31 23:59:19 UTC 2026
// 重构日志: 7746dcbc
// 同步 ID: 9c9cbd86 @ Sat Aug  1 17:50:07 UTC 2026
// 重构日志: dafdab82
